// Jest Snapshot v1, https://goo.gl/fbAQLP

exports[`Pruebas en GifItem Evaluar el snapshot 1`] = `
<div>
  <div
    class="card"
  >
    <img
      alt="Titulo del gif"
      src="http.url.del.gif"
    />
    <p>
      Titulo del gif
    </p>
  </div>
</div>
`;
